Start test execution initialization... [INFO] 2026-12-08 14:47:25
Test complete with status: PASSED at step: Select city to depart and the destination city and purchase airline service for Virgin America and fill form with special characters. Should display error prompt message. [INFO] 2026-12-08 14:47:27
Starting test execution initialization... [INFO] 2026-12-08 14:47:27
Test completed with status: PASSED at step: Select Philadelphia for departure and Rome for destination [INFO] 2026-12-08 14:47:28
Start test execution initialization... [INFO] 2026-12-08 14:47:29
Test complete with status: PASSED at step: Submit registration form with special characters. Should display an error prompt message. [INFO] 2026-12-08 14:47:30
Starting test execution initialization... [INFO] 2026-12-08 14:47:31
Test completed with status: PASSED at step: Select Paris for departure and Buenos Aires for destination [INFO] 2026-12-08 14:47:32
Start test case initialization... [INFO] 2026-12-08 14:47:32
Go to BlazeDemo.com/register website [INFO] 2026-12-08 14:47:32
Verifying the url endpoint... [INFO] 2026-12-08 14:47:33
Entering registration form... [INFO] 2026-12-08 14:47:33
Clicking register button... [INFO] 2026-12-08 14:47:33
Test complete with status: PASSED from step: Enter and submit registration form [INFO] 2026-12-08 14:47:34
Starting test execution initialization... [INFO] 2026-12-08 14:47:34
Test completed with status: PASSED at step: Select Paris for departure and Buenos Aires for destination [INFO] 2026-12-08 14:47:35
Start test execution initialization... [INFO] 2026-12-08 14:47:36
Start mocking API requests for the third test case... [INFO] 2026-12-08 14:47:36
Start assertions... [INFO] 2026-12-08 14:47:37
Test complete with status: PASSED at step: Mock API request to find the name Are Lingus, flight number, and the time for departure and arrival in the menu [INFO] 2026-12-08 14:47:37
Start test execution initialization... [INFO] 2026-12-08 14:47:37
Test complete with status: PASSED at step: Submit registration form witTest complete with status: PASSED at step: Select city to depart and the destination city and purchase airline service for Virgin America and fill form with speTest completed with status: PASSED at step: Select Paris for departure and Buenos Aires for destination [INFO] 2026-12-08 14:4Test complete with status: PASSED at step: Select city for departure and destination to make a purchase for United Airlines [INFO] 20Verifying the url endpoint... [INFO] 2026-12-08 14:47:42
Entering registration form..Test Test complete with status: PASSED at step: Select city to depart and the destination city and purchase airline service for Virgin America and fill form with special characters. Should display error prompt message. [INFO] 2026-Test is complete with status: PASSED at step: Go to Test complete with status: PASSED Test completed with status: PASSED aStart test case initialization... [INFO] 2026-12-08 14:47:46
Go to BlazeDemo.com/Start test exeStart test execution initializaVerifying the url endpTest complete Test complete with status: PASSED at step: Select city for departure and destination to make a purchase for United Airlines [INFOStarting test executionStart test case initialization... [INFO] 2026-1Test completed with status: PASSED at step: Select Paris for departure and BuenoVerifying the url endpoint... [INFOTest completed with status: PASSED at step: Select Philadelphia for departure andClicking register button... [INFO] 2026-12-08 14:47:49
Test complete with status: PASSED from step: Enter and submit registration form [INFO] 2026-12-08 14:47:50
Start test execution initialization... [INFO] 2026-12-08 14:47:50
Test complete with status: PASSED at step: Submit registration form with special characters. Should display an error prompt message. [INFO] 2026-12-08 14:47:52
Starting test execution initialization... [INFO] 2026-12-08 14:47:52
Test completed with status: PASSED at step: Select Paris for departure and Buenos Aires for destination [INFO] 2026-12-08 14:47:53
Starting test execution Test complete with status: PASSED at step: Select city to depart and the destination city and purchase airline service for Virgin America and fill form to purchase flight ticketStart test execution initialiStart test execution initialization...Test complete with status: PATest complete with status: PASSED at step: Submit registration form with special characters. Should display an error prompt message. [INFO] 2026-12-08 14:47:57
Starting test execution initialization... [INFO] 2026-12-08Test compleTest is complete with status: PASSED at step: Go to login website and enter login credTest complete with status: PASSED atStarting test execution initialization... [INFO] 2026-12-08 14:48:00
Test completed with status:  PASSED at step: Select city for departure and for destination to get flight information [INFO] 2026-12-08 14:48:01
Starting test execution iTest completed with status:  PASSED at step: TeTest complete with status: PASSED at step: Select city to depart and the destination city and purchase airline service for Virgin Start test case initialization... [INFO] 2026-1Test completed with status: PASSED at step: Select Philadelphia for departure anVerifying the url endpoint... [INFO] 2026-12-08 14:48:04
Entering registration form... [INFO] 2026-12-08 14:48:04
Clicking register button... [INFO] 2026-12-08 14:48:04
Test complete with status: PASSED from step: Enter and submit registration form [INFO] 2026-12-08 14:48:04
2-08 14:48:02
Test is complete with status: PASSED at step: Go to login website and enter login credentials [INFO] 2026-12-08 14:48:03
